Archive member included to satisfy reference by file (symbol)

C:/ST/STM32CubeIDE_1.18.0/STM32CubeIDE/plugins/com.st.stm32cube.ide.mcu.externaltools.gnu-tools-for-stm32.13.3.rel1.win32_1.0.0.202411081344/tools/bin/../lib/gcc/arm-none-eabi/13.3.1/../../../../arm-none-eabi/lib/thumb/v7e-m+fp/hard\libc_nano.a(libc_a-exit.o)
                              C:/ST/STM32CubeIDE_1.18.0/STM32CubeIDE/plugins/com.st.stm32cube.ide.mcu.externaltools.gnu-tools-for-stm32.13.3.rel1.win32_1.0.0.202411081344/tools/bin/../lib/gcc/arm-none-eabi/13.3.1/../../../../arm-none-eabi/lib/thumb/v7e-m+fp/hard/crt0.o (exit)
C:/ST/STM32CubeIDE_1.18.0/STM32CubeIDE/plugins/com.st.stm32cube.ide.mcu.externaltools.gnu-tools-for-stm32.13.3.rel1.win32_1.0.0.202411081344/tools/bin/../lib/gcc/arm-none-eabi/13.3.1/../../../../arm-none-eabi/lib/thumb/v7e-m+fp/hard\libc_nano.a(libc_a-findfp.o)
                              C:/ST/STM32CubeIDE_1.18.0/STM32CubeIDE/plugins/com.st.stm32cube.ide.mcu.externaltools.gnu-tools-for-stm32.13.3.rel1.win32_1.0.0.202411081344/tools/bin/../lib/gcc/arm-none-eabi/13.3.1/../../../../arm-none-eabi/lib/thumb/v7e-m+fp/hard\libc_nano.a(libc_a-exit.o) (__stdio_exit_handler)
C:/ST/STM32CubeIDE_1.18.0/STM32CubeIDE/plugins/com.st.stm32cube.ide.mcu.externaltools.gnu-tools-for-stm32.13.3.rel1.win32_1.0.0.202411081344/tools/bin/../lib/gcc/arm-none-eabi/13.3.1/../../../../arm-none-eabi/lib/thumb/v7e-m+fp/hard\libc_nano.a(libc_a-fwalk.o)
                              C:/ST/STM32CubeIDE_1.18.0/STM32CubeIDE/plugins/com.st.stm32cube.ide.mcu.externaltools.gnu-tools-for-stm32.13.3.rel1.win32_1.0.0.202411081344/tools/bin/../lib/gcc/arm-none-eabi/13.3.1/../../../../arm-none-eabi/lib/thumb/v7e-m+fp/hard\libc_nano.a(libc_a-findfp.o) (_fwalk_sglue)
C:/ST/STM32CubeIDE_1.18.0/STM32CubeIDE/plugins/com.st.stm32cube.ide.mcu.externaltools.gnu-tools-for-stm32.13.3.rel1.win32_1.0.0.202411081344/tools/bin/../lib/gcc/arm-none-eabi/13.3.1/../../../../arm-none-eabi/lib/thumb/v7e-m+fp/hard\libc_nano.a(libc_a-stdio.o)
                              C:/ST/STM32CubeIDE_1.18.0/STM32CubeIDE/plugins/com.st.stm32cube.ide.mcu.externaltools.gnu-tools-for-stm32.13.3.rel1.win32_1.0.0.202411081344/tools/bin/../lib/gcc/arm-none-eabi/13.3.1/../../../../arm-none-eabi/lib/thumb/v7e-m+fp/hard\libc_nano.a(libc_a-findfp.o) (__sread)
C:/ST/STM32CubeIDE_1.18.0/STM32CubeIDE/plugins/com.st.stm32cube.ide.mcu.externaltools.gnu-tools-for-stm32.13.3.rel1.win32_1.0.0.202411081344/tools/bin/../lib/gcc/arm-none-eabi/13.3.1/../../../../arm-none-eabi/lib/thumb/v7e-m+fp/hard\libc_nano.a(libc_a-memset.o)
                              C:/ST/STM32CubeIDE_1.18.0/STM32CubeIDE/plugins/com.st.stm32cube.ide.mcu.externaltools.gnu-tools-for-stm32.13.3.rel1.win32_1.0.0.202411081344/tools/bin/../lib/gcc/arm-none-eabi/13.3.1/../../../../arm-none-eabi/lib/thumb/v7e-m+fp/hard/crt0.o (memset)
C:/ST/STM32CubeIDE_1.18.0/STM32CubeIDE/plugins/com.st.stm32cube.ide.mcu.externaltools.gnu-tools-for-stm32.13.3.rel1.win32_1.0.0.202411081344/tools/bin/../lib/gcc/arm-none-eabi/13.3.1/../../../../arm-none-eabi/lib/thumb/v7e-m+fp/hard\libc_nano.a(libc_a-closer.o)
                              C:/ST/STM32CubeIDE_1.18.0/STM32CubeIDE/plugins/com.st.stm32cube.ide.mcu.externaltools.gnu-tools-for-stm32.13.3.rel1.win32_1.0.0.202411081344/tools/bin/../lib/gcc/arm-none-eabi/13.3.1/../../../../arm-none-eabi/lib/thumb/v7e-m+fp/hard\libc_nano.a(libc_a-stdio.o) (_close_r)
C:/ST/STM32CubeIDE_1.18.0/STM32CubeIDE/plugins/com.st.stm32cube.ide.mcu.externaltools.gnu-tools-for-stm32.13.3.rel1.win32_1.0.0.202411081344/tools/bin/../lib/gcc/arm-none-eabi/13.3.1/../../../../arm-none-eabi/lib/thumb/v7e-m+fp/hard\libc_nano.a(libc_a-reent.o)
                              C:/ST/STM32CubeIDE_1.18.0/STM32CubeIDE/plugins/com.st.stm32cube.ide.mcu.externaltools.gnu-tools-for-stm32.13.3.rel1.win32_1.0.0.202411081344/tools/bin/../lib/gcc/arm-none-eabi/13.3.1/../../../../arm-none-eabi/lib/thumb/v7e-m+fp/hard\libc_nano.a(libc_a-closer.o) (errno)
C:/ST/STM32CubeIDE_1.18.0/STM32CubeIDE/plugins/com.st.stm32cube.ide.mcu.externaltools.gnu-tools-for-stm32.13.3.rel1.win32_1.0.0.202411081344/tools/bin/../lib/gcc/arm-none-eabi/13.3.1/../../../../arm-none-eabi/lib/thumb/v7e-m+fp/hard\libc_nano.a(libc_a-impure.o)
                              C:/ST/STM32CubeIDE_1.18.0/STM32CubeIDE/plugins/com.st.stm32cube.ide.mcu.externaltools.gnu-tools-for-stm32.13.3.rel1.win32_1.0.0.202411081344/tools/bin/../lib/gcc/arm-none-eabi/13.3.1/../../../../arm-none-eabi/lib/thumb/v7e-m+fp/hard\libc_nano.a(libc_a-reent.o) (_impure_ptr)
C:/ST/STM32CubeIDE_1.18.0/STM32CubeIDE/plugins/com.st.stm32cube.ide.mcu.externaltools.gnu-tools-for-stm32.13.3.rel1.win32_1.0.0.202411081344/tools/bin/../lib/gcc/arm-none-eabi/13.3.1/../../../../arm-none-eabi/lib/thumb/v7e-m+fp/hard\libc_nano.a(libc_a-lseekr.o)
[...]
Memory Configuration

Name             Origin             Length             Attributes
RAM              0x20000000         0x00020000         xrw
FLASH            0x08000000         0x00080000         xr
*default*        0x00000000         0xffffffff

Linker script and memory map

LOAD C:/ST/STM32CubeIDE_1.18.0/STM32CubeIDE/plugins/com.st.stm32cube.ide.mcu.externaltools.gnu-tools-for-stm32.13.3.rel1.win32_1.0.0.202411081344/tools/bin/../lib/gcc/arm-none-eabi/13.3.1/thumb/v7e-m+fp/hard/crti.o
LOAD C:/ST/STM32CubeIDE_1.18.0/STM32CubeIDE/plugins/com.st.stm32cube.ide.mcu.externaltools.gnu-tools-for-stm32.13.3.rel1.win32_1.0.0.202411081344/tools/bin/../lib/gcc/arm-none-eabi/13.3.1/thumb/v7e-m+fp/hard/crtbegin.o
LOAD C:/ST/STM32CubeIDE_1.18.0/STM32CubeIDE/plugins/com.st.stm32cube.ide.mcu.externaltools.gnu-tools-for-stm32.13.3.rel1.win32_1.0.0.202411081344/tools/bin/../lib/gcc/arm-none-eabi/13.3.1/../../../../arm-none-eabi/lib/thumb/v7e-m+fp/hard/crt0.o
LOAD ./Core/Src/CAN_processing.o
LOAD ./Core/Src/TestList.o
LOAD ./Core/Src/main.o
LOAD ./Core/Src/stm32f4xx_hal_msp.o
LOAD ./Core/Src/stm32f4xx_it.o
LOAD ./Core/Src/syscalls.o
LOAD ./Core/Src/sysmem.o
LOAD ./Core/Src/system_stm32f4xx.o
LOAD ./Core/Startup/startup_stm32f446retx.o
LOAD ./Drivers/STM32F4xx_HAL_Driver/Src/stm32f4xx_hal.o
LOAD ./Drivers/STM32F4xx_HAL_Driver/Src/stm32f4xx_hal_can.o
LOAD ./Drivers/STM32F4xx_HAL_Driver/Src/stm32f4xx_hal_cortex.o
LOAD ./Drivers/STM32F4xx_HAL_Driver/Src/stm32f4xx_hal_dma.o
LOAD ./Drivers/STM32F4xx_HAL_Driver/Src/stm32f4xx_hal_dma_ex.o
LOAD ./Drivers/STM32F4xx_HAL_Driver/Src/stm32f4xx_hal_exti.o
LOAD ./Drivers/STM32F4xx_HAL_Driver/Src/stm32f4xx_hal_flash.o
LOAD ./Drivers/STM32F4xx_HAL_Driver/Src/stm32f4xx_hal_flash_ex.o
LOAD ./Drivers/STM32F4xx_HAL_Driver/Src/stm32f4xx_hal_flash_ramfunc.o
LOAD ./Drivers/STM32F4xx_HAL_Driver/Src/stm32f4xx_hal_gpio.o
LOAD ./Drivers/STM32F4xx_HAL_Driver/Src/stm32f4xx_hal_pwr.o
LOAD ./Drivers/STM32F4xx_HAL_Driver/Src/stm32f4xx_hal_pwr_ex.o
LOAD ./Drivers/STM32F4xx_HAL_Driver/Src/stm32f4xx_hal_rcc.o
LOAD ./Drivers/STM32F4xx_HAL_Driver/Src/stm32f4xx_hal_rcc_ex.o
START GROUP
LOAD C:/ST/STM32CubeIDE_1.18.0/STM32CubeIDE/plugins/com.st.stm32cube.ide.mcu.externaltools.gnu-tools-for-stm32.13.3.rel1.win32_1.0.0.202411081344/tools/bin/../lib/gcc/arm-none-eabi/13.3.1/../../../../arm-none-eabi/lib/thumb/v7e-m+fp/hard\libc_nano.a
LOAD C:/ST/STM32CubeIDE_1.18.0/STM32CubeIDE/plugins/com.st.stm32cube.ide.mcu.externaltools.gnu-tools-for-stm32.13.3.rel1.win32_1.0.0.202411081344/tools/bin/../lib/gcc/arm-none-eabi/13.3.1/../../../../arm-none-eabi/lib/thumb/v7e-m+fp/hard\libm.a
END GROUP
START GROUP
LOAD C:/ST/STM32CubeIDE_1.18.0/STM32CubeIDE/plugins/com.st.stm32cube.ide.mcu.externaltools.gnu-tools-for-stm32.13.3.rel1.win32_1.0.0.202411081344/tools/bin/../lib/gcc/arm-none-eabi/13.3.1/thumb/v7e-m+fp/hard\libgcc.a
LOAD C:/ST/STM32CubeIDE_1.18.0/STM32CubeIDE/plugins/com.st.stm32cube.ide.mcu.externaltools.gnu-tools-for-stm32.13.3.rel1.win32_1.0.0.202411081344/tools/bin/../lib/gcc/arm-none-eabi/13.3.1/../../../../arm-none-eabi/lib/thumb/v7e-m+fp/hard\libc_nano.a
END GROUP
START GROUP
LOAD C:/ST/STM32CubeIDE_1.18.0/STM32CubeIDE/plugins/com.st.stm32cube.ide.mcu.externaltools.gnu-tools-for-stm32.13.3.rel1.win32_1.0.0.202411081344/tools/bin/../lib/gcc/arm-none-eabi/13.3.1/thumb/v7e-m+fp/hard\libgcc.a
LOAD C:/ST/STM32CubeIDE_1.18.0/STM32CubeIDE/plugins/com.st.stm32cube.ide.mcu.externaltools.gnu-tools-for-stm32.13.3.rel1.win32_1.0.0.202411081344/tools/bin/../lib/gcc/arm-none-eabi/13.3.1/../../../../arm-none-eabi/lib/thumb/v7e-m+fp/hard\libc_nano.a
LOAD C:/ST/STM32CubeIDE_1.18.0/STM32CubeIDE/plugins/com.st.stm32cube.ide.mcu.externaltools.gnu-tools-for-stm32.13.3.rel1.win32_1.0.0.202411081344/tools/bin/../lib/gcc/arm-none-eabi/13.3.1/../../../../arm-none-eabi/lib/thumb/v7e-m+fp/hard\libnosys.a
END GROUP
START GROUP
LOAD C:/ST/STM32CubeIDE_1.18.0/STM32CubeIDE/plugins/com.st.stm32cube.ide.mcu.externaltools.gnu-tools-for-stm32.13.3.rel1.win32_1.0.0.202411081344/tools/bin/../lib/gcc/arm-none-eabi/13.3.1/thumb/v7e-m+fp/hard\libgcc.a
LOAD C:/ST/STM32CubeIDE_1.18.0/STM32CubeIDE/plugins/com.st.stm32cube.ide.mcu.externaltools.gnu-tools-for-stm32.13.3.rel1.win32_1.0.0.202411081344/tools/bin/../lib/gcc/arm-none-eabi/13.3.1/../../../../arm-none-eabi/lib/thumb/v7e-m+fp/hard\libc_nano.a
LOAD C:/ST/STM32CubeIDE_1.18.0/STM32CubeIDE/plugins/com.st.stm32cube.ide.mcu.externaltools.gnu-tools-for-stm32.13.3.rel1.win32_1.0.0.202411081344/tools/bin/../lib/gcc/arm-none-eabi/13.3.1/../../../../arm-none-eabi/lib/thumb/v7e-m+fp/hard\libnosys.a
END GROUP
LOAD C:/ST/STM32CubeIDE_1.18.0/STM32CubeIDE/plugins/com.st.stm32cube.ide.mcu.externaltools.gnu-tools-for-stm32.13.3.rel1.win32_1.0.0.202411081344/tools/bin/../lib/gcc/arm-none-eabi/13.3.1/thumb/v7e-m+fp/hard/crtend.o
LOAD C:/ST/STM32CubeIDE_1.18.0/STM32CubeIDE/plugins/com.st.stm32cube.ide.mcu.externaltools.gnu-tools-for-stm32.13.3.rel1.win32_1.0.0.202411081344/tools/bin/../lib/gcc/arm-none-eabi/13.3.1/thumb/v7e-m+fp/hard/crtn.o
                0x20020000                        _estack = (ORIGIN (RAM) + LENGTH (RAM))
                0x00000200                        _Min_Heap_Size = 0x200
                0x00000400                        _Min_Stack_Size = 0x400

.isr_vector     0x08000000      0x1c4
                0x08000000                        . = ALIGN (0x4)
 *(.isr_vector)
 .isr_vector    0x08000000      0x1c4 ./Core/Startup/startup_stm32f446retx.o
                0x08000000                g_pfnVectors
                0x080001c4                        . = ALIGN (0x4)

.text           0x080001c4     0x2a20
                0x080001c4                        . = ALIGN (0x4)
 *(.text)
 .text          0x080001c4       0x40 C:/ST/STM32CubeIDE_1.18.0/STM32CubeIDE/plugins/com.st.stm32cube.ide.mcu.externaltools.gnu-tools-for-stm32.13.3.rel1.win32_1.0.0.202411081344/tools/bin/../lib/gcc/arm-none-eabi/13.3.1/thumb/v7e-m+fp/hard/crtbegin.o
 .text          0x08000204       0x30 C:/ST/STM32CubeIDE_1.18.0/STM32CubeIDE/plugins/com.st.stm32cube.ide.mcu.externaltools.gnu-tools-for-stm32.13.3.rel1.win32_1.0.0.202411081344/tools/bin/../lib/gcc/arm-none-eabi/13.3.1/thumb/v7e-m+fp/hard\libgcc.a(_aeabi_uldivmod.o)
                0x08000204                __aeabi_uldivmod
 .text          0x08000234      0x2f8 C:/ST/STM32CubeIDE_1.18.0/STM32CubeIDE/plugins/com.st.stm32cube.ide.mcu.externaltools.gnu-tools-for-stm32.13.3.rel1.win32_1.0.0.202411081344/tools/bin/../lib/gcc/arm-none-eabi/13.3.1/thumb/v7e-m+fp/hard\libgcc.a(_udivmoddi4.o)
                0x08000234                __udivmoddi4
 .text          0x0800052c        0x4 C:/ST/STM32CubeIDE_1.18.0/STM32CubeIDE/plugins/com.st.stm32cube.ide.mcu.externaltools.gnu-tools-for-stm32.13.3.rel1.win32_1.0.0.202411081344/tools/bin/../lib/gcc/arm-none-eabi/13.3.1/thumb/v7e-m+fp/hard\libgcc.a(_dvmd_tls.o)
                0x0800052c                __aeabi_idiv0
                0x0800052c                __aeabi_ldiv0
 *(.text*)
 .text.get_CAN_transmitter
                0x08000530       0x22 ./Core/Src/CAN_processing.o
                0x08000530                get_CAN_transmitter
 .text.get_CAN_action
                0x08000552       0x22 ./Core/Src/CAN_processing.o
                0x08000552                get_CAN_action
 .text.get_CAN_motor_mov_type
                0x08000574       0x22 ./Core/Src/CAN_processing.o
                0x08000574                get_CAN_motor_mov_type
 .text.get_CAN_motor_type
                0x08000596       0x22 ./Core/Src/CAN_processing.o
                0x08000596                get_CAN_motor_type
 .text.get_CAN_SPEC
                0x080005b8       0x22 ./Core/Src/CAN_processing.o
                0x080005b8                get_CAN_SPEC
 .text.get_CAN_device_ID
                0x080005da       0x1c ./Core/Src/CAN_processing.o
                0x080005da                get_CAN_device_ID
 *fill*         0x080005f6        0x2 
 .text.CAN_Parse_MSG
                0x080005f8       0xf0 ./Core/Src/CAN_processing.o
                0x080005f8                CAN_Parse_MSG
 .text.Process_Multiple_Steering_Motor_Command
                0x080006e8       0x50 ./Core/Src/CAN_processing.o
                0x080006e8                Process_Multiple_Steering_Motor_Command
 .text.ControlSingleMotor
                0x08000738       0x16 ./Core/Src/CAN_processing.o
                0x08000738                ControlSingleMotor
 .text.SingleExtractFloatFromCAN
                0x0800074e       0x38 ./Core/Src/CAN_processing.o
                0x0800074e                SingleExtractFloatFromCAN
 .text.extract_multiple_speeds
                0x08000786       0x16 ./Core/Src/CAN_processing.o
                0x08000786                extract_multiple_speeds
 .text.AssortedTests
                0x0800079c       0x44 ./Core/Src/TestList.o
                0x0800079c                AssortedTests
 .text.main     0x080007e0       0xe4 ./Core/Src/main.o
                0x080007e0                main
 .text.SystemClock_Config
                0x080008c4       0xc0 ./Core/Src/main.o
                0x080008c4                SystemClock_Config
 .text.MX_CAN1_Init
                0x08000984       0x6c ./Core/Src/main.o
 .text.MX_GPIO_Init
                0x080009f0       0xb4 ./Core/Src/main.o
 .text.HAL_CAN_TxMailbox0CompleteCallback
                0x08000aa4       0x14 ./Core/Src/main.o
                0x08000aa4                HAL_CAN_TxMailbox0CompleteCallback
 .text.HAL_CAN_RxFifo0MsgPendingCallback
                0x08000ab8       0x3c ./Core/Src/main.o
                0x08000ab8                HAL_CAN_RxFifo0MsgPendingCallback
 .text.HAL_GPIO_EXTI_Callback
                0x08000af4       0x88 ./Core/Src/main.o
                0x08000af4                HAL_GPIO_EXTI_Callback
 .text.Error_Handler
                0x08000b7c        0xc ./Core/Src/main.o
                0x08000b7c                Error_Handler
 .text.HAL_MspInit
                0x08000b88       0x50 ./Core/Src/stm32f4xx_hal_msp.o
                0x08000b88                HAL_MspInit
 .text.HAL_CAN_MspInit
                0x08000bd8       0xb0 ./Core/Src/stm32f4xx_hal_msp.o
                0x08000bd8                HAL_CAN_MspInit
 .text.NMI_Handler
                0x08000c88        0x8 ./Core/Src/stm32f4xx_it.o
                0x08000c88                NMI_Handler
 .text.HardFault_Handler
                0x08000c90        0x8 ./Core/Src/stm32f4xx_it.o
                0x08000c90                HardFault_Handler
 .text.MemManage_Handler
                0x08000c98        0x8 ./Core/Src/stm32f4xx_it.o
                0x08000c98                MemManage_Handler
 .text.BusFault_Handler
                0x08000ca0        0x8 ./Core/Src/stm32f4xx_it.o
                0x08000ca0                BusFault_Handler
 .text.UsageFault_Handler
                0x08000ca8        0x8 ./Core/Src/stm32f4xx_it.o
                0x08000ca8                UsageFault_Handler
 .text.SVC_Handler
                0x08000cb0        0xe ./Core/Src/stm32f4xx_it.o
                0x08000cb0                SVC_Handler
 .text.DebugMon_Handler
                0x08000cbe        0xe ./Core/Src/stm32f4xx_it.o
                0x08000cbe                DebugMon_Handler
 .text.PendSV_Handler
                0x08000ccc        0xe ./Core/Src/stm32f4xx_it.o
                0x08000ccc                PendSV_Handler
 .text.SysTick_Handler
                0x08000cda        0xc ./Core/Src/stm32f4xx_it.o
                0x08000cda                SysTick_Handler
 *fill*         0x08000ce6        0x2 
 .text.CAN1_TX_IRQHandler
                0x08000ce8       0x14 ./Core/Src/stm32f4xx_it.o
                0x08000ce8                CAN1_TX_IRQHandler
 .text.CAN1_RX0_IRQHandler
                0x08000cfc       0x14 ./Core/Src/stm32f4xx_it.o
                0x08000cfc                CAN1_RX0_IRQHandler
 .text.EXTI15_10_IRQHandler
                0x08000d10       0x10 ./Core/Src/stm32f4xx_it.o
                0x08000d10                EXTI15_10_IRQHandler
 .text.SystemInit
                0x08000d20       0x24 ./Core/Src/system_stm32f4xx.o
                0x08000d20                SystemInit
 .text.Reset_Handler
                0x08000d44       0x50 ./Core/Startup/startup_stm32f446retx.o
                0x08000d44                Reset_Handler
 .text.Default_Handler
                0x08000d94        0x2 ./Core/Startup/startup_stm32f446retx.o
                0x08000d94                RTC_Alarm_IRQHandler
                0x08000d94                EXTI2_IRQHandler
                0x08000d94                TIM8_CC_IRQHandler
                0x08000d94                FMPI2C1_EV_IRQHandler
                0x08000d94                SPI4_IRQHandler
                0x08000d94                TIM1_CC_IRQHandler
                0x08000d94                DMA2_Stream5_IRQHandler
                0x08000d94                DMA1_Stream5_IRQHandler
                0x08000d94                PVD_IRQHandler
                0x08000d94                SDIO_IRQHandler
                0x08000d94                TAMP_STAMP_IRQHandler
                0x08000d94                CAN2_RX1_IRQHandler
                0x08000d94                EXTI3_IRQHandler
                0x08000d94                TIM8_TRG_COM_TIM14_IRQHandler
                0x08000d94                TIM1_UP_TIM10_IRQHandler
                0x08000d94                TIM8_UP_TIM13_IRQHandler
                0x08000d94                I2C3_ER_IRQHandler
                0x08000d94                EXTI0_IRQHandler
                0x08000d94                I2C2_EV_IRQHandler
                0x08000d94                DMA1_Stream2_IRQHandler
                0x08000d94                FPU_IRQHandler
                0x08000d94                OTG_HS_WKUP_IRQHandler
                0x08000d94                CAN2_SCE_IRQHandler
                0x08000d94                DMA2_Stream2_IRQHandler
                0x08000d94                SPI1_IRQHandler
                0x08000d94                TIM6_DAC_IRQHandler
                0x08000d94                TIM1_BRK_TIM9_IRQHandler
                0x08000d94                DCMI_IRQHandler
                0x08000d94                CAN2_RX0_IRQHandler
                0x08000d94                DMA2_Stream3_IRQHandler
                0x08000d94                SAI2_IRQHandler
                0x08000d94                USART6_IRQHandler
                0x08000d94                USART3_IRQHandler
                0x08000d94                CAN1_RX1_IRQHandler
                0x08000d94                UART5_IRQHandler
                0x08000d94                DMA2_Stream0_IRQHandler
                0x08000d94                TIM4_IRQHandler
                0x08000d94                QUADSPI_IRQHandler
                0x08000d94                I2C1_EV_IRQHandler
                0x08000d94                DMA1_Stream6_IRQHandler
                0x08000d94                DMA1_Stream1_IRQHandler
                0x08000d94                UART4_IRQHandler
                0x08000d94                TIM3_IRQHandler
                0x08000d94                RCC_IRQHandler
                0x08000d94                TIM8_BRK_TIM12_IRQHandler
                0x08000d94                Default_Handler
                0x08000d94                CEC_IRQHandler
                0x08000d94                ADC_IRQHandler
                0x08000d94                DMA1_Stream7_IRQHandler
                0x08000d94                TIM7_IRQHandler
                0x08000d94                CAN2_TX_IRQHandler
                0x08000d94                TIM5_IRQHandler
                0x08000d94                DMA2_Stream7_IRQHandler
                0x08000d94                I2C3_EV_IRQHandler
                0x08000d94                EXTI9_5_IRQHandler
                0x08000d94                RTC_WKUP_IRQHandler
                0x08000d94                SPDIF_RX_IRQHandler
                0x08000d94                SPI2_IRQHandler
                0x08000d94                OTG_HS_EP1_IN_IRQHandler
                0x08000d94                DMA1_Stream0_IRQHandler
                0x08000d94                FMPI2C1_ER_IRQHandler
                0x08000d94                EXTI4_IRQHandler
                0x08000d94                OTG_HS_EP1_OUT_IRQHandler
                0x08000d94                WWDG_IRQHandler
                0x08000d94                TIM2_IRQHandler
                0x08000d94                OTG_FS_WKUP_IRQHandler
                0x08000d94                TIM1_TRG_COM_TIM11_IRQHandler
                0x08000d94                OTG_HS_IRQHandler
                0x08000d94                EXTI1_IRQHandler
                0x08000d94                USART2_IRQHandler
                0x08000d94                I2C2_ER_IRQHandler
                0x08000d94                DMA2_Stream1_IRQHandler
                0x08000d94                CAN1_SCE_IRQHandler
                0x08000d94                FLASH_IRQHandler
                0x08000d94                DMA2_Stream4_IRQHandler
                0x08000d94                USART1_IRQHandler
                0x08000d94                OTG_FS_IRQHandler
                0x08000d94                SPI3_IRQHandler
                0x08000d94                DMA1_Stream4_IRQHandler
                0x08000d94                I2C1_ER_IRQHandler
                0x08000d94                FMC_IRQHandler
                0x08000d94                DMA2_Stream6_IRQHandler
                0x08000d94                SAI1_IRQHandler
                0x08000d94                DMA1_Stream3_IRQHandler
 *fill*         0x08000d96        0x2 
 .text.HAL_Init
                0x08000d98       0x44 ./Drivers/STM32F4xx_HAL_Driver/Src/stm32f4xx_hal.o
                0x08000d98                HAL_Init
 .text.HAL_InitTick
                0x08000ddc       0x60 ./Drivers/STM32F4xx_HAL_Driver/Src/stm32f4xx_hal.o
                0x08000ddc                HAL_InitTick
 .text.HAL_IncTick
                0x08000e3c       0x28 ./Drivers/STM32F4xx_HAL_Driver/Src/stm32f4xx_hal.o
                0x08000e3c                HAL_IncTick
 .text.HAL_GetTick
                0x08000e64       0x18 ./Drivers/STM32F4xx_HAL_Driver/Src/stm32f4xx_hal.o
                0x08000e64                HAL_GetTick
 .text.HAL_CAN_Init
                0x08000e7c      0x1f6 ./Drivers/STM32F4xx_HAL_Driver/Src/stm32f4xx_hal_can.o
                0x08000e7c                HAL_CAN_Init
 *fill*         0x08001072        0x2 
 .text.HAL_CAN_ConfigFilter
                0x08001074      0x1bc ./Drivers/STM32F4xx_HAL_Driver/Src/stm32f4xx_hal_can.o
                0x08001074                HAL_CAN_ConfigFilter
 .text.HAL_CAN_Start
                0x08001230       0x88 ./Drivers/STM32F4xx_HAL_Driver/Src/stm32f4xx_hal_can.o
                0x08001230                HAL_CAN_Start
 .text.HAL_CAN_AddTxMessage
                0x080012b8      0x1a0 ./Drivers/STM32F4xx_HAL_Driver/Src/stm32f4xx_hal_can.o
                0x080012b8                HAL_CAN_AddTxMessage
 .text.HAL_CAN_GetRxMessage
                0x08001458      0x244 ./Drivers/STM32F4xx_HAL_Driver/Src/stm32f4xx_hal_can.o
                0x08001458                HAL_CAN_GetRxMessage
 .text.HAL_CAN_ActivateNotification
                0x0800169c       0x4c ./Drivers/STM32F4xx_HAL_Driver/Src/stm32f4xx_hal_can.o
                0x0800169c                HAL_CAN_ActivateNotification
 .text.HAL_CAN_IRQHandler
                0x080016e8      0x36e ./Drivers/STM32F4xx_HAL_Driver/Src/stm32f4xx_hal_can.o
                0x080016e8                HAL_CAN_IRQHandler
 .text.HAL_CAN_TxMailbox1CompleteCallback
                0x08001a56       0x14 ./Drivers/STM32F4xx_HAL_Driver/Src/stm32f4xx_hal_can.o
                0x08001a56                HAL_CAN_TxMailbox1CompleteCallback
 .text.HAL_CAN_TxMailbox2CompleteCallback
                0x08001a6a       0x14 ./Drivers/STM32F4xx_HAL_Driver/Src/stm32f4xx_hal_can.o
                0x08001a6a                HAL_CAN_TxMailbox2CompleteCallback
 .text.HAL_CAN_TxMailbox0AbortCallback
                0x08001a7e       0x14 ./Drivers/STM32F4xx_HAL_Driver/Src/stm32f4xx_hal_can.o
                0x08001a7e                HAL_CAN_TxMailbox0AbortCallback
 .text.HAL_CAN_TxMailbox1AbortCallback
                0x08001a92       0x14 ./Drivers/STM32F4xx_HAL_Driver/Src/stm32f4xx_hal_can.o
                0x08001a92                HAL_CAN_TxMailbox1AbortCallback
 .text.HAL_CAN_TxMailbox2AbortCallback
                0x08001aa6       0x14 ./Drivers/STM32F4xx_HAL_Driver/Src/stm32f4xx_hal_can.o
                0x08001aa6                HAL_CAN_TxMailbox2AbortCallback
 .text.HAL_CAN_RxFifo0FullCallback
                0x08001aba       0x14 ./Drivers/STM32F4xx_HAL_Driver/Src/stm32f4xx_hal_can.o
                0x08001aba                HAL_CAN_RxFifo0FullCallback
 .text.HAL_CAN_RxFifo1MsgPendingCallback
                0x08001ace       0x14 ./Drivers/STM32F4xx_HAL_Driver/Src/stm32f4xx_hal_can.o
                0x08001ace                HAL_CAN_RxFifo1MsgPendingCallback
 .text.HAL_CAN_RxFifo1FullCallback
                0x08001ae2       0x14 ./Drivers/STM32F4xx_HAL_Driver/Src/stm32f4xx_hal_can.o
                0x08001ae2                HAL_CAN_RxFifo1FullCallback
 .text.HAL_CAN_SleepCallback
                0x08001af6       0x14 ./Drivers/STM32F4xx_HAL_Driver/Src/stm32f4xx_hal_can.o
                0x08001af6                HAL_CAN_SleepCallback
 .text.HAL_CAN_WakeUpFromRxMsgCallback
                0x08001b0a       0x14 ./Drivers/STM32F4xx_HAL_Driver/Src/stm32f4xx_hal_can.o
                0x08001b0a                HAL_CAN_WakeUpFromRxMsgCallback
 .text.HAL_CAN_ErrorCallback
                0x08001b1e       0x14 ./Drivers/STM32F4xx_HAL_Driver/Src/stm32f4xx_hal_can.o
                0x08001b1e                HAL_CAN_ErrorCallback
 *fill*         0x08001b32        0x2 
 .text.__NVIC_SetPriorityGrouping
                0x08001b34       0x48 ./Drivers/STM32F4xx_HAL_Driver/Src/stm32f4xx_hal_cortex.o
 .text.__NVIC_GetPriorityGrouping
                0x08001b7c       0x1c ./Drivers/STM32F4xx_HAL_Driver/Src/stm32f4xx_hal_cortex.o
 .text.__NVIC_EnableIRQ
                0x08001b98       0x3c ./Drivers/STM32F4xx_HAL_Driver/Src/stm32f4xx_hal_cortex.o
 .text.__NVIC_SetPriority
                0x08001bd4       0x54 ./Drivers/STM32F4xx_HAL_Driver/Src/stm32f4xx_hal_cortex.o
 .text.NVIC_EncodePriority
                0x08001c28       0x66 ./Drivers/STM32F4xx_HAL_Driver/Src/stm32f4xx_hal_cortex.o
 *fill*         0x08001c8e        0x2 
 .text.SysTick_Config
                0x08001c90       0x44 ./Drivers/STM32F4xx_HAL_Driver/Src/stm32f4xx_hal_cortex.o
 .text.HAL_NVIC_SetPriorityGrouping
                0x08001cd4       0x16 ./Drivers/STM32F4xx_HAL_Driver/Src/stm32f4xx_hal_cortex.o
                0x08001cd4                HAL_NVIC_SetPriorityGrouping
 .text.HAL_NVIC_SetPriority
                0x08001cea       0x38 ./Drivers/STM32F4xx_HAL_Driver/Src/stm32f4xx_hal_cortex.o
                0x08001cea                HAL_NVIC_SetPriority
 .text.HAL_NVIC_EnableIRQ
                0x08001d22       0x1c ./Drivers/STM32F4xx_HAL_Driver/Src/stm32f4xx_hal_cortex.o
                0x08001d22                HAL_NVIC_EnableIRQ
 .text.HAL_SYSTICK_Config
                0x08001d3e       0x18 ./Drivers/STM32F4xx_HAL_Driver/Src/stm32f4xx_hal_cortex.o
                0x08001d3e                HAL_SYSTICK_Config
 *fill*         0x08001d56        0x2 
 .text.HAL_GPIO_Init
                0x08001d58      0x328 ./Drivers/STM32F4xx_HAL_Driver/Src/stm32f4xx_hal_gpio.o
                0x08001d58                HAL_GPIO_Init
 .text.HAL_GPIO_WritePin
                0x08002080       0x32 ./Drivers/STM32F4xx_HAL_Driver/Src/stm32f4xx_hal_gpio.o
                0x08002080                HAL_GPIO_WritePin
 .text.HAL_GPIO_TogglePin
                0x080020b2       0x34 ./Drivers/STM32F4xx_HAL_Driver/Src/stm32f4xx_hal_gpio.o
                0x080020b2                HAL_GPIO_TogglePin
 *fill*         0x080020e6        0x2 
 .text.HAL_GPIO_EXTI_IRQHandler
                0x080020e8       0x30 ./Drivers/STM32F4xx_HAL_Driver/Src/stm32f4xx_hal_gpio.o
                0x080020e8                HAL_GPIO_EXTI_IRQHandler
 .text.HAL_RCC_ClockConfig
                0x08002118      0x1cc ./Drivers/STM32F4xx_HAL_Driver/Src/stm32f4xx_hal_rcc.o
                0x08002118                HAL_RCC_ClockConfig
 .text.HAL_RCC_GetSysClockFreq
                0x080022e4      0x354 ./Drivers/STM32F4xx_HAL_Driver/Src/stm32f4xx_hal_rcc_ex.o
                0x080022e4                HAL_RCC_GetSysClockFreq
 .text.HAL_RCC_OscConfig
                0x08002638      0x53c ./Drivers/STM32F4xx_HAL_Driver/Src/stm32f4xx_hal_rcc_ex.o
                0x08002638                HAL_RCC_OscConfig
 .text.memset   0x08002b74       0x10 C:/ST/STM32CubeIDE_1.18.0/STM32CubeIDE/plugins/com.st.stm32cube.ide.mcu.externaltools.gnu-tools-for-stm32.13.3.rel1.win32_1.0.0.202411081344/tools/bin/../lib/gcc/arm-none-eabi/13.3.1/../../../../arm-none-eabi/lib/thumb/v7e-m+fp/hard\libc_nano.a(libc_a-memset.o)
                0x08002b74                memset
 .text.__libc_init_array
                0x08002b84       0x48 C:/ST/STM32CubeIDE_1.18.0/STM32CubeIDE/plugins/com.st.stm32cube.ide.mcu.externaltools.gnu-tools-for-stm32.13.3.rel1.win32_1.0.0.202411081344/tools/bin/../lib/gcc/arm-none-eabi/13.3.1/../../../../arm-none-eabi/lib/thumb/v7e-m+fp/hard\libc_nano.a(libc_a-init.o)
                0x08002b84                __libc_init_array
 *(.glue_7)
 .glue_7        0x08002bcc        0x0 linker stubs
 *(.glue_7t)
 .glue_7t       0x08002bcc        0x0 linker stubs
 *(.eh_frame)
 .eh_frame      0x08002bcc        0x0 C:/ST/STM32CubeIDE_1.18.0/STM32CubeIDE/plugins/com.st.stm32cube.ide.mcu.externaltools.gnu-tools-for-stm32.13.3.rel1.win32_1.0.0.202411081344/tools/bin/../lib/gcc/arm-none-eabi/13.3.1/thumb/v7e-m+fp/hard/crtbegin.o
 *(.init)
 .init          0x08002bcc        0x4 C:/ST/STM32CubeIDE_1.18.0/STM32CubeIDE/plugins/com.st.stm32cube.ide.mcu.externaltools.gnu-tools-for-stm32.13.3.rel1.win32_1.0.0.202411081344/tools/bin/../lib/gcc/arm-none-eabi/13.3.1/thumb/v7e-m+fp/hard/crti.o
                0x08002bcc                _init
 .init          0x08002bd0        0x8 C:/ST/STM32CubeIDE_1.18.0/STM32CubeIDE/plugins/com.st.stm32cube.ide.mcu.externaltools.gnu-tools-for-stm32.13.3.rel1.win32_1.0.0.202411081344/tools/bin/../lib/gcc/arm-none-eabi/13.3.1/thumb/v7e-m+fp/hard/crtn.o
 *(.fini)
 .fini          0x08002bd8        0x4 C:/ST/STM32CubeIDE_1.18.0/STM32CubeIDE/plugins/com.st.stm32cube.ide.mcu.externaltools.gnu-tools-for-stm32.13.3.rel1.win32_1.0.0.202411081344/tools/bin/../lib/gcc/arm-none-eabi/13.3.1/thumb/v7e-m+fp/hard/crti.o
                0x08002bd8                _fini
 .fini          0x08002bdc        0x8 C:/ST/STM32CubeIDE_1.18.0/STM32CubeIDE/plugins/com.st.stm32cube.ide.mcu.externaltools.gnu-tools-for-stm32.13.3.rel1.win32_1.0.0.202411081344/tools/bin/../lib/gcc/arm-none-eabi/13.3.1/thumb/v7e-m+fp/hard/crtn.o
                0x08002be4                        . = ALIGN (0x4)
                0x08002be4                        _etext = .

.vfp11_veneer   0x08002be4        0x0
 .vfp11_veneer  0x08002be4        0x0 linker stubs

.v4_bx          0x08002be4        0x0
 .v4_bx         0x08002be4        0x0 linker stubs

.iplt           0x08002be4        0x0
 .iplt          0x08002be4        0x0 C:/ST/STM32CubeIDE_1.18.0/STM32CubeIDE/plugins/com.st.stm32cube.ide.mcu.externaltools.gnu-tools-for-stm32.13.3.rel1.win32_1.0.0.202411081344/tools/bin/../lib/gcc/arm-none-eabi/13.3.1/thumb/v7e-m+fp/hard/crtbegin.o

.rodata         0x08002be4       0x10
                0x08002be4                        . = ALIGN (0x4)
 *(.rodata)
 *(.rodata*)
 .rodata.AHBPrescTable
                0x08002be4       0x10 ./Core/Src/system_stm32f4xx.o
                0x08002be4                AHBPrescTable
                0x08002bf4                        . = ALIGN (0x4)

.ARM.extab      0x08002bf4        0x0
                0x08002bf4                        . = ALIGN (0x4)
 *(.ARM.extab* .gnu.linkonce.armextab.*)
                0x08002bf4                        . = ALIGN (0x4)

.ARM            0x08002bf4        0x8
                0x08002bf4                        . = ALIGN (0x4)
                0x08002bf4                        __exidx_start = .
 *(.ARM.exidx*)
 .ARM.exidx     0x08002bf4        0x8 C:/ST/STM32CubeIDE_1.18.0/STM32CubeIDE/plugins/com.st.stm32cube.ide.mcu.externaltools.gnu-tools-for-stm32.13.3.rel1.win32_1.0.0.202411081344/tools/bin/../lib/gcc/arm-none-eabi/13.3.1/thumb/v7e-m+fp/hard\libgcc.a(_udivmoddi4.o)
                0x08002bfc                        __exidx_end = .
                0x08002bfc                        . = ALIGN (0x4)

.preinit_array  0x08002bfc        0x0
                0x08002bfc                        . = ALIGN (0x4)
                0x08002bfc                        PROVIDE (__preinit_array_start = .)
 *(.preinit_array*)
                0x08002bfc                        PROVIDE (__preinit_array_end = .)
                0x08002bfc                        . = ALIGN (0x4)

.init_array     0x08002bfc        0x4
                0x08002bfc                        . = ALIGN (0x4)
                0x08002bfc                        PROVIDE (__init_array_start = .)
 *(SORT_BY_NAME(.init_array.*))
 *(.init_array*)
 .init_array    0x08002bfc        0x4 C:/ST/STM32CubeIDE_1.18.0/STM32CubeIDE/plugins/com.st.stm32cube.ide.mcu.externaltools.gnu-tools-for-stm32.13.3.rel1.win32_1.0.0.202411081344/tools/bin/../lib/gcc/arm-none-eabi/13.3.1/thumb/v7e-m+fp/hard/crtbegin.o
                0x08002c00                        PROVIDE (__init_array_end = .)
                0x08002c00                        . = ALIGN (0x4)

.fini_array     0x08002c00        0x4
                0x08002c00                        . = ALIGN (0x4)
                [!provide]                        PROVIDE (__fini_array_start = .)
 *(SORT_BY_NAME(.fini_array.*))
 *(.fini_array*)
 .fini_array    0x08002c00        0x4 C:/ST/STM32CubeIDE_1.18.0/STM32CubeIDE/plugins/com.st.stm32cube.ide.mcu.externaltools.gnu-tools-for-stm32.13.3.rel1.win32_1.0.0.202411081344/tools/bin/../lib/gcc/arm-none-eabi/13.3.1/thumb/v7e-m+fp/hard/crtbegin.o
                [!provide]                        PROVIDE (__fini_array_end = .)
                0x08002c04                        . = ALIGN (0x4)
                0x08002c04                        _sidata = LOADADDR (.data)

.rel.dyn        0x08002c04        0x0
 .rel.iplt      0x08002c04        0x0 C:/ST/STM32CubeIDE_1.18.0/STM32CubeIDE/plugins/com.st.stm32cube.ide.mcu.externaltools.gnu-tools-for-stm32.13.3.rel1.win32_1.0.0.202411081344/tools/bin/../lib/gcc/arm-none-eabi/13.3.1/thumb/v7e-m+fp/hard/crtbegin.o

.data           0x20000000       0x10 load address 0x08002c04
                0x20000000                        . = ALIGN (0x4)
                0x20000000                        _sdata = .
 *(.data)
 *(.data*)
 .data.johnyangle
                0x20000000        0x4 ./Core/Src/main.o
                0x20000000                johnyangle
 .data.SystemCoreClock
                0x20000004        0x4 ./Core/Src/system_stm32f4xx.o
                0x20000004                SystemCoreClock
 .data.uwTickPrio
                0x20000008        0x4 ./Drivers/STM32F4xx_HAL_Driver/Src/stm32f4xx_hal.o
                0x20000008                uwTickPrio
 .data.uwTickFreq
                0x2000000c        0x1 ./Drivers/STM32F4xx_HAL_Driver/Src/stm32f4xx_hal.o
                0x2000000c                uwTickFreq
 *(.RamFunc)
 *(.RamFunc*)
                0x20000010                        . = ALIGN (0x4)
 *fill*         0x2000000d        0x3 
                0x20000010                        _edata = .

.igot.plt       0x20000010        0x0 load address 0x08002c14
 .igot.plt      0x20000010        0x0 C:/ST/STM32CubeIDE_1.18.0/STM32CubeIDE/plugins/com.st.stm32cube.ide.mcu.externaltools.gnu-tools-for-stm32.13.3.rel1.win32_1.0.0.202411081344/tools/bin/../lib/gcc/arm-none-eabi/13.3.1/thumb/v7e-m+fp/hard/crtbegin.o
                0x20000010                        . = ALIGN (0x4)

.bss            0x20000010       0xd4 load address 0x08002c14
                0x20000010                        _sbss = .
                0x20000010                        __bss_start__ = _sbss
 *(.bss)
 .bss           0x20000010       0x1c C:/ST/STM32CubeIDE_1.18.0/STM32CubeIDE/plugins/com.st.stm32cube.ide.mcu.externaltools.gnu-tools-for-stm32.13.3.rel1.win32_1.0.0.202411081344/tools/bin/../lib/gcc/arm-none-eabi/13.3.1/thumb/v7e-m+fp/hard/crtbegin.o
 *(.bss*)
 .bss.whatsmymotorid
                0x2000002c        0x4 ./Core/Src/CAN_processing.o
                0x2000002c                whatsmymotorid
 .bss.whatsmymotortype
                0x20000030        0x4 ./Core/Src/CAN_processing.o
                0x20000030                whatsmymotortype
 .bss.whatsmyaction
                0x20000034        0x4 ./Core/Src/CAN_processing.o
                0x20000034                whatsmyaction
 .bss.whatsmyreadrunspec
                0x20000038        0x4 ./Core/Src/CAN_processing.o
                0x20000038                whatsmyreadrunspec
 .bss.timmyangle
                0x2000003c        0x4 ./Core/Src/CAN_processing.o
                0x2000003c                timmyangle
 .bss.amitriggering
                0x20000040        0x4 ./Core/Src/CAN_processing.o
                0x20000040                amitriggering
 .bss.hcan1     0x20000044       0x28 ./Core/Src/main.o
                0x20000044                hcan1
 .bss.whatsmybutton
                0x2000006c        0x4 ./Core/Src/main.o
                0x2000006c                whatsmybutton
 .bss.sFilterConfig
                0x20000070       0x28 ./Core/Src/main.o
                0x20000070                sFilterConfig
 .bss.TxHeader  0x20000098       0x18 ./Core/Src/main.o
                0x20000098                TxHeader
 .bss.RxHeader  0x200000b0       0x1c ./Core/Src/main.o
                0x200000b0                RxHeader
 .bss.TxData    0x200000cc        0x8 ./Core/Src/main.o
                0x200000cc                TxData
 .bss.RxData    0x200000d4        0x8 ./Core/Src/main.o
                0x200000d4                RxData
 .bss.TxMailbox
                0x200000dc        0x4 ./Core/Src/main.o
                0x200000dc                TxMailbox
 .bss.uwTick    0x200000e0        0x4 ./Drivers/STM32F4xx_HAL_Driver/Src/stm32f4xx_hal.o
                0x200000e0                uwTick
 *(COMMON)
                0x200000e4                        . = ALIGN (0x4)
                0x200000e4                        _ebss = .
                0x200000e4                        __bss_end__ = _ebss

._user_heap_stack
                0x200000e4      0x604 load address 0x08002c14
                0x200000e8                        . = ALIGN (0x8)
 *fill*         0x200000e4        0x4 
                [!provide]                        PROVIDE (end = .)
                0x200000e8                        PROVIDE (_end = .)
                0x200002e8                        . = (. + _Min_Heap_Size)
 *fill*         0x200000e8      0x200 
                0x200006e8                        . = (. + _Min_Stack_Size)
 *fill*         0x200002e8      0x400 
                0x200006e8                        . = ALIGN (0x8)

/DISCARD/
 libc.a(*)
 libm.a(*)
 libgcc.a(*)

.ARM.attributes
                0x00000000       0x30
 *(.ARM.attributes)
 .ARM.attributes
                0x00000000       0x22 C:/ST/STM32CubeIDE_1.18.0/STM32CubeIDE/plugins/com.st.stm32cube.ide.mcu.externaltools.gnu-tools-for-stm32.13.3.rel1.win32_1.0.0.202411081344/tools/bin/../lib/gcc/arm-none-eabi/13.3.1/thumb/v7e-m+fp/hard/crti.o
 .ARM.attributes
                0x00000022       0x34 C:/ST/STM32CubeIDE_1.18.0/STM32CubeIDE/plugins/com.st.stm32cube.ide.mcu.externaltools.gnu-tools-for-stm32.13.3.rel1.win32_1.0.0.202411081344/tools/bin/../lib/gcc/arm-none-eabi/13.3.1/thumb/v7e-m+fp/hard/crtbegin.o
 .ARM.attributes
                0x00000056       0x34 ./Core/Src/CAN_processing.o
 .ARM.attributes
                0x0000008a       0x34 ./Core/Src/TestList.o
 .ARM.attributes
                0x000000be       0x34 ./Core/Src/main.o
 .ARM.attributes
                0x000000f2       0x34 ./Core/Src/stm32f4xx_hal_msp.o
 .ARM.attributes
                0x00000126       0x34 ./Core/Src/stm32f4xx_it.o
 .ARM.attributes
                0x0000015a       0x34 ./Core/Src/system_stm32f4xx.o
 .ARM.attributes
                0x0000018e       0x21 ./Core/Startup/startup_stm32f446retx.o
 .ARM.attributes
                0x000001af       0x34 ./Drivers/STM32F4xx_HAL_Driver/Src/stm32f4xx_hal.o
 .ARM.attributes
                0x000001e3       0x34 ./Drivers/STM32F4xx_HAL_Driver/Src/stm32f4xx_hal_can.o
 .ARM.attributes
                0x00000217       0x34 ./Drivers/STM32F4xx_HAL_Driver/Src/stm32f4xx_hal_cortex.o
 .ARM.attributes
                0x0000024b       0x34 ./Drivers/STM32F4xx_HAL_Driver/Src/stm32f4xx_hal_gpio.o
 .ARM.attributes
                0x0000027f       0x34 ./Drivers/STM32F4xx_HAL_Driver/Src/stm32f4xx_hal_rcc.o
 .ARM.attributes
                0x000002b3       0x34 ./Drivers/STM32F4xx_HAL_Driver/Src/stm32f4xx_hal_rcc_ex.o
 .ARM.attributes
                0x000002e7       0x34 C:/ST/STM32CubeIDE_1.18.0/STM32CubeIDE/plugins/com.st.stm32cube.ide.mcu.externaltools.gnu-tools-for-stm32.13.3.rel1.win32_1.0.0.202411081344/tools/bin/../lib/gcc/arm-none-eabi/13.3.1/../../../../arm-none-eabi/lib/thumb/v7e-m+fp/hard\libc_nano.a(libc_a-memset.o)
 .ARM.attributes
                0x0000031b       0x34 C:/ST/STM32CubeIDE_1.18.0/STM32CubeIDE/plugins/com.st.stm32cube.ide.mcu.externaltools.gnu-tools-for-stm32.13.3.rel1.win32_1.0.0.202411081344/tools/bin/../lib/gcc/arm-none-eabi/13.3.1/../../../../arm-none-eabi/lib/thumb/v7e-m+fp/hard\libc_nano.a(libc_a-init.o)
 .ARM.attributes
                0x0000034f       0x22 C:/ST/STM32CubeIDE_1.18.0/STM32CubeIDE/plugins/com.st.stm32cube.ide.mcu.externaltools.gnu-tools-for-stm32.13.3.rel1.win32_1.0.0.202411081344/tools/bin/../lib/gcc/arm-none-eabi/13.3.1/thumb/v7e-m+fp/hard\libgcc.a(_aeabi_uldivmod.o)
 .ARM.attributes
                0x00000371       0x34 C:/ST/STM32CubeIDE_1.18.0/STM32CubeIDE/plugins/com.st.stm32cube.ide.mcu.externaltools.gnu-tools-for-stm32.13.3.rel1.win32_1.0.0.202411081344/tools/bin/../lib/gcc/arm-none-eabi/13.3.1/thumb/v7e-m+fp/hard\libgcc.a(_udivmoddi4.o)
 .ARM.attributes
                0x000003a5       0x22 C:/ST/STM32CubeIDE_1.18.0/STM32CubeIDE/plugins/com.st.stm32cube.ide.mcu.externaltools.gnu-tools-for-stm32.13.3.rel1.win32_1.0.0.202411081344/tools/bin/../lib/gcc/arm-none-eabi/13.3.1/thumb/v7e-m+fp/hard\libgcc.a(_dvmd_tls.o)
 .ARM.attributes
                0x000003c7       0x22 C:/ST/STM32CubeIDE_1.18.0/STM32CubeIDE/plugins/com.st.stm32cube.ide.mcu.externaltools.gnu-tools-for-stm32.13.3.rel1.win32_1.0.0.202411081344/tools/bin/../lib/gcc/arm-none-eabi/13.3.1/thumb/v7e-m+fp/hard/crtn.o
OUTPUT(Hope.elf elf32-littlearm)
LOAD linker stubs
LOAD C:/ST/STM32CubeIDE_1.18.0/STM32CubeIDE/plugins/com.st.stm32cube.ide.mcu.externaltools.gnu-tools-for-stm32.13.3.rel1.win32_1.0.0.202411081344/tools/bin/../lib/gcc/arm-none-eabi/13.3.1/../../../../arm-none-eabi/lib/thumb/v7e-m+fp/hard\libc.a
LOAD C:/ST/STM32CubeIDE_1.18.0/STM32CubeIDE/plugins/com.st.stm32cube.ide.mcu.externaltools.gnu-tools-for-stm32.13.3.rel1.win32_1.0.0.202411081344/tools/bin/../lib/gcc/arm-none-eabi/13.3.1/../../../../arm-none-eabi/lib/thumb/v7e-m+fp/hard\libm.a
LOAD C:/ST/STM32CubeIDE_1.18.0/STM32CubeIDE/plugins/com.st.stm32cube.ide.mcu.externaltools.gnu-tools-for-stm32.13.3.rel1.win32_1.0.0.202411081344/tools/bin/../lib/gcc/arm-none-eabi/13.3.1/thumb/v7e-m+fp/hard\libgcc.a

.debug_info     0x00000000     0x768d
 .debug_info    0x00000000      0xf5e ./Core/Src/CAN_processing.o
 .debug_info    0x00000f5e       0xb3 ./Core/Src/TestList.o
 .debug_info    0x00001011     0x10ea ./Core/Src/main.o
 .debug_info    0x000020fb      0xad8 ./Core/Src/stm32f4xx_hal_msp.o
 .debug_info    0x00002bd3      0x54e ./Core/Src/stm32f4xx_it.o
 .debug_info    0x00003121      0x54a ./Core/Src/system_stm32f4xx.o
 .debug_info    0x0000366b       0x30 ./Core/Startup/startup_stm32f446retx.o
 .debug_info    0x0000369b      0x99a ./Drivers/STM32F4xx_HAL_Driver/Src/stm32f4xx_hal.o
 .debug_info    0x00004035      0xf44 ./Drivers/STM32F4xx_HAL_Driver/Src/stm32f4xx_hal_can.o
 .debug_info    0x00004f79      0xdaa ./Drivers/STM32F4xx_HAL_Driver/Src/stm32f4xx_hal_cortex.o
 .debug_info    0x00005d23      0x70b ./Drivers/STM32F4xx_HAL_Driver/Src/stm32f4xx_hal_gpio.o
 .debug_info    0x0000642e      0x8ff ./Drivers/STM32F4xx_HAL_Driver/Src/stm32f4xx_hal_rcc.o
 .debug_info    0x00006d2d      0x960 ./Drivers/STM32F4xx_HAL_Driver/Src/stm32f4xx_hal_rcc_ex.o

.debug_abbrev   0x00000000     0x1904
 .debug_abbrev  0x00000000      0x310 ./Core/Src/CAN_processing.o
 .debug_abbrev  0x00000310       0x56 ./Core/Src/TestList.o
 .debug_abbrev  0x00000366      0x2c1 ./Core/Src/main.o
 .debug_abbrev  0x00000627      0x1d3 ./Core/Src/stm32f4xx_hal_msp.o
 .debug_abbrev  0x000007fa      0x1a5 ./Core/Src/stm32f4xx_it.o
 .debug_abbrev  0x0000099f      0x11a ./Core/Src/system_stm32f4xx.o
 .debug_abbrev  0x00000ab9       0x24 ./Core/Startup/startup_stm32f446retx.o
 .debug_abbrev  0x00000add      0x214 ./Drivers/STM32F4xx_HAL_Driver/Src/stm32f4xx_hal.o
 .debug_abbrev  0x00000cf1      0x25a ./Drivers/STM32F4xx_HAL_Driver/Src/stm32f4xx_hal_can.o
 .debug_abbrev  0x00000f4b      0x31d ./Drivers/STM32F4xx_HAL_Driver/Src/stm32f4xx_hal_cortex.o
 .debug_abbrev  0x00001268      0x1d4 ./Drivers/STM32F4xx_HAL_Driver/Src/stm32f4xx_hal_gpio.o
 .debug_abbrev  0x0000143c      0x2b7 ./Drivers/STM32F4xx_HAL_Driver/Src/stm32f4xx_hal_rcc.o
 .debug_abbrev  0x000016f3      0x211 ./Drivers/STM32F4xx_HAL_Driver/Src/stm32f4xx_hal_rcc_ex.o

.debug_aranges  0x00000000      0x6d8
 .debug_aranges
                0x00000000       0xb8 ./Core/Src/CAN_processing.o
 .debug_aranges
                0x000000b8       0x20 ./Core/Src/TestList.o
 .debug_aranges
                0x000000d8       0x58 ./Core/Src/main.o
 .debug_aranges
                0x00000130       0x30 ./Core/Src/stm32f4xx_hal_msp.o
 .debug_aranges
                0x00000160       0x78 ./Core/Src/stm32f4xx_it.o
 .debug_aranges
                0x000001d8       0x28 ./Core/Src/system_stm32f4xx.o
 .debug_aranges
                0x00000200       0x28 ./Core/Startup/startup_stm32f446retx.o
 .debug_aranges
                0x00000228       0xf0 ./Drivers/STM32F4xx_HAL_Driver/Src/stm32f4xx_hal.o
 .debug_aranges
                0x00000318      0x138 ./Drivers/STM32F4xx_HAL_Driver/Src/stm32f4xx_hal_can.o
 .debug_aranges
                0x00000450      0x130 ./Drivers/STM32F4xx_HAL_Driver/Src/stm32f4xx_hal_cortex.o
 .debug_aranges
                0x00000580       0x58 ./Drivers/STM32F4xx_HAL_Driver/Src/stm32f4xx_hal_gpio.o
 .debug_aranges
                0x000005d8       0x88 ./Drivers/STM32F4xx_HAL_Driver/Src/stm32f4xx_hal_rcc.o
 .debug_aranges
                0x00000660       0x78 ./Drivers/STM32F4xx_HAL_Driver/Src/stm32f4xx_hal_rcc_ex.o

.debug_rnglists
                0x00000000      0x520
 .debug_rnglists
                0x00000000       0xa4 ./Core/Src/CAN_processing.o
 .debug_rnglists
                0x000000a4       0x13 ./Core/Src/TestList.o
 .debug_rnglists
                0x000000b7       0x41 ./Core/Src/main.o
 .debug_rnglists
                0x000000f8       0x20 ./Core/Src/stm32f4xx_hal_msp.o
 .debug_rnglists
                0x00000118       0x55 ./Core/Src/stm32f4xx_it.o
 .debug_rnglists
                0x0000016d       0x1a ./Core/Src/system_stm32f4xx.o
 .debug_rnglists
                0x00000187       0x19 ./Core/Startup/startup_stm32f446retx.o
 .debug_rnglists
                0x000001a0       0xaf ./Drivers/STM32F4xx_HAL_Driver/Src/stm32f4xx_hal.o
 .debug_rnglists
                0x0000024f       0xee ./Drivers/STM32F4xx_HAL_Driver/Src/stm32f4xx_hal_can.o
 .debug_rnglists
                0x0000033d       0xe0 ./Drivers/STM32F4xx_HAL_Driver/Src/stm32f4xx_hal_cortex.o
 .debug_rnglists
                0x0000041d       0x3f ./Drivers/STM32F4xx_HAL_Driver/Src/stm32f4xx_hal_gpio.o
 .debug_rnglists
                0x0000045c       0x66 ./Drivers/STM32F4xx_HAL_Driver/Src/stm32f4xx_hal_rcc.o
 .debug_rnglists
                0x000004c2       0x5e ./Drivers/STM32F4xx_HAL_Driver/Src/stm32f4xx_hal_rcc_ex.o

.debug_macro    0x00000000    0x2142f
 .debug_macro   0x00000000      0x317 ./Core/Src/CAN_processing.o
 .debug_macro   0x00000317      0xad8 ./Core/Src/CAN_processing.o
 .debug_macro   0x00000def       0x22 ./Core/Src/CAN_processing.o
 .debug_macro   0x00000e11       0x8e ./Core/Src/CAN_processing.o
 .debug_macro   0x00000e9f       0x51 ./Core/Src/CAN_processing.o
 .debug_macro   0x00000ef0      0x103 ./Core/Src/CAN_processing.o
 .debug_macro   0x00000ff3       0x6a ./Core/Src/CAN_processing.o
 .debug_macro   0x0000105d      0x1df ./Core/Src/CAN_processing.o
 .debug_macro   0x0000123c       0x22 ./Core/Src/CAN_processing.o
 .debug_macro   0x0000125e       0x61 ./Core/Src/CAN_processing.o
 .debug_macro   0x000012bf       0x2a ./Core/Src/CAN_processing.o
 .debug_macro   0x000012e9       0x43 ./Core/Src/CAN_processing.o
 .debug_macro   0x0000132c       0x34 ./Core/Src/CAN_processing.o
 .debug_macro   0x00001360      0x190 ./Core/Src/CAN_processing.o
 .debug_macro   0x000014f0      0x370 ./Core/Src/CAN_processing.o
 .debug_macro   0x00001860       0x16 ./Core/Src/CAN_processing.o
 .debug_macro   0x00001876       0x4a ./Core/Src/CAN_processing.o
 .debug_macro   0x000018c0       0x34 ./Core/Src/CAN_processing.o
 .debug_macro   0x000018f4       0x10 ./Core/Src/CAN_processing.o
 .debug_macro   0x00001904       0x58 ./Core/Src/CAN_processing.o
 .debug_macro   0x0000195c       0x8e ./Core/Src/CAN_processing.o
 .debug_macro   0x000019ea       0x1c ./Core/Src/CAN_processing.o
 .debug_macro   0x00001a06      0x185 ./Core/Src/CAN_processing.o
 .debug_macro   0x00001b8b       0x10 ./Core/Src/CAN_processing.o
 .debug_macro   0x00001b9b       0x3c ./Core/Src/CAN_processing.o
 .debug_macro   0x00001bd7       0x20 ./Core/Src/CAN_processing.o
 .debug_macro   0x00001bf7      0x19b ./Core/Src/CAN_processing.o
 .debug_macro   0x00001d92      0x295 ./Core/Src/CAN_processing.o
 .debug_macro   0x00002027       0x2e ./Core/Src/CAN_processing.o
 .debug_macro   0x00002055       0x28 ./Core/Src/CAN_processing.o
 .debug_macro   0x0000207d       0x1c ./Core/Src/CAN_processing.o
 .debug_macro   0x00002099       0x22 ./Core/Src/CAN_processing.o
 .debug_macro   0x000020bb       0xfb ./Core/Src/CAN_processing.o
 .debug_macro   0x000021b6     0x1011 ./Core/Src/CAN_processing.o
 .debug_macro   0x000031c7      0x11f ./Core/Src/CAN_processing.o
 .debug_macro   0x000032e6    0x1675e ./Core/Src/CAN_processing.o
 .debug_macro   0x00019a44       0x6d ./Core/Src/CAN_processing.o
 .debug_macro   0x00019ab1     0x3693 ./Core/Src/CAN_processing.o
 .debug_macro   0x0001d144       0x56 ./Core/Src/CAN_processing.o
 .debug_macro   0x0001d19a      0xca5 ./Core/Src/CAN_processing.o
 .debug_macro   0x0001de3f      0x9e9 ./Core/Src/CAN_processing.o
 .debug_macro   0x0001e828      0x115 ./Core/Src/CAN_processing.o
 .debug_macro   0x0001e93d      0x1a0 ./Core/Src/CAN_processing.o
 .debug_macro   0x0001eadd       0xa5 ./Core/Src/CAN_processing.o
 .debug_macro   0x0001eb82      0x16d ./Core/Src/CAN_processing.o
 .debug_macro   0x0001ecef      0x287 ./Core/Src/CAN_processing.o
 .debug_macro   0x0001ef76       0x5f ./Core/Src/CAN_processing.o
 .debug_macro   0x0001efd5      0x236 ./Core/Src/CAN_processing.o
 .debug_macro   0x0001f20b      0x40f ./Core/Src/CAN_processing.o
 .debug_macro   0x0001f61a      0x132 ./Core/Src/CAN_processing.o
 .debug_macro   0x0001f74c      0x29c ./Core/Src/CAN_processing.o
 .debug_macro   0x0001f9e8       0x2e ./Core/Src/CAN_processing.o
 .debug_macro   0x0001fa16      0x127 ./Core/Src/CAN_processing.o
 .debug_macro   0x0001fb3d       0xe8 ./Core/Src/CAN_processing.o
 .debug_macro   0x0001fc25       0x89 ./Core/Src/CAN_processing.o
 .debug_macro   0x0001fcae      0x126 ./Core/Src/CAN_processing.o
 .debug_macro   0x0001fdd4       0x2e ./Core/Src/CAN_processing.o
 .debug_macro   0x0001fe02      0x2c1 ./Core/Src/TestList.o
 .debug_macro   0x000200c3       0x5c ./Core/Src/TestList.o
 .debug_macro   0x0002011f      0x2c5 ./Core/Src/main.o
 .debug_macro   0x000203e4      0x1c9 ./Core/Src/stm32f4xx_hal_msp.o
 .debug_macro   0x000205ad      0x1d3 ./Core/Src/stm32f4xx_it.o
 .debug_macro   0x00020780      0x1ba ./Core/Src/system_stm32f4xx.o
 .debug_macro   0x0002093a      0x21a ./Drivers/STM32F4xx_HAL_Driver/Src/stm32f4xx_hal.o
 .debug_macro   0x00020b54      0x1c9 ./Drivers/STM32F4xx_HAL_Driver/Src/stm32f4xx_hal_can.o
 .debug_macro   0x00020d1d      0x1ba ./Drivers/STM32F4xx_HAL_Driver/Src/stm32f4xx_hal_cortex.o
 .debug_macro   0x00020ed7      0x1c0 ./Drivers/STM32F4xx_HAL_Driver/Src/stm32f4xx_hal_gpio.o
 .debug_macro   0x00021097      0x1de ./Drivers/STM32F4xx_HAL_Driver/Src/stm32f4xx_hal_rcc.o
 .debug_macro   0x00021275      0x1ba ./Drivers/STM32F4xx_HAL_Driver/Src/stm32f4xx_hal_rcc_ex.o

.debug_line     0x00000000     0x8ef6
 .debug_line    0x00000000      0xd7d ./Core/Src/CAN_processing.o
 .debug_line    0x00000d7d      0x8bc ./Core/Src/TestList.o
 .debug_line    0x00001639      0xa6e ./Core/Src/main.o
 .debug_line    0x000020a7      0x767 ./Core/Src/stm32f4xx_hal_msp.o
 .debug_line    0x0000280e      0x80b ./Core/Src/stm32f4xx_it.o
 .debug_line    0x00003019      0x78a ./Core/Src/system_stm32f4xx.o
 .debug_line    0x000037a3       0x7a ./Core/Startup/startup_stm32f446retx.o
 .debug_line    0x0000381d      0xa06 ./Drivers/STM32F4xx_HAL_Driver/Src/stm32f4xx_hal.o
 .debug_line    0x00004223     0x11c5 ./Drivers/STM32F4xx_HAL_Driver/Src/stm32f4xx_hal_can.o
 .debug_line    0x000053e8      0xcd6 ./Drivers/STM32F4xx_HAL_Driver/Src/stm32f4xx_hal_cortex.o
 .debug_line    0x000060be      0xb4a ./Drivers/STM32F4xx_HAL_Driver/Src/stm32f4xx_hal_gpio.o
 .debug_line    0x00006c08      0xe1f ./Drivers/STM32F4xx_HAL_Driver/Src/stm32f4xx_hal_rcc.o
 .debug_line    0x00007a27     0x14cf ./Drivers/STM32F4xx_HAL_Driver/Src/stm32f4xx_hal_rcc_ex.o

.debug_str      0x00000000    0xc8d1e
 .debug_str     0x00000000    0xc8d1e ./Core/Src/CAN_processing.o
                              0xc6f9b (size before relaxing)
 .debug_str     0x000c8d1e    0xc6422 ./Core/Src/TestList.o
 .debug_str     0x000c8d1e    0xc7217 ./Core/Src/main.o
 .debug_str     0x000c8d1e    0xc3383 ./Core/Src/stm32f4xx_hal_msp.o
 .debug_str     0x000c8d1e    0xc2d6e ./Core/Src/stm32f4xx_it.o
 .debug_str     0x000c8d1e    0xc2b17 ./Core/Src/system_stm32f4xx.o
 .debug_str     0x000c8d1e       0x6f ./Core/Startup/startup_stm32f446retx.o
 .debug_str     0x000c8d1e    0xc36dc ./Drivers/STM32F4xx_HAL_Driver/Src/stm32f4xx_hal.o
 .debug_str     0x000c8d1e    0xc31ec ./Drivers/STM32F4xx_HAL_Driver/Src/stm32f4xx_hal_can.o
 .debug_str     0x000c8d1e    0xc3433 ./Drivers/STM32F4xx_HAL_Driver/Src/stm32f4xx_hal_cortex.o
 .debug_str     0x000c8d1e    0xc2c92 ./Drivers/STM32F4xx_HAL_Driver/Src/stm32f4xx_hal_gpio.o
 .debug_str     0x000c8d1e    0xc2f50 ./Drivers/STM32F4xx_HAL_Driver/Src/stm32f4xx_hal_rcc.o
 .debug_str     0x000c8d1e    0xc2f83 ./Drivers/STM32F4xx_HAL_Driver/Src/stm32f4xx_hal_rcc_ex.o

.comment        0x00000000       0x43
 .comment       0x00000000       0x43 ./Core/Src/CAN_processing.o
                                 0x44 (size before relaxing)
 .comment       0x00000043       0x44 ./Core/Src/TestList.o
 .comment       0x00000043       0x44 ./Core/Src/main.o
 .comment       0x00000043       0x44 ./Core/Src/stm32f4xx_hal_msp.o
 .comment       0x00000043       0x44 ./Core/Src/stm32f4xx_it.o
 .comment       0x00000043       0x44 ./Core/Src/system_stm32f4xx.o
 .comment       0x00000043       0x44 ./Drivers/STM32F4xx_HAL_Driver/Src/stm32f4xx_hal.o
 .comment       0x00000043       0x44 ./Drivers/STM32F4xx_HAL_Driver/Src/stm32f4xx_hal_can.o
 .comment       0x00000043       0x44 ./Drivers/STM32F4xx_HAL_Driver/Src/stm32f4xx_hal_cortex.o
 .comment       0x00000043       0x44 ./Drivers/STM32F4xx_HAL_Driver/Src/stm32f4xx_hal_gpio.o
 .comment       0x00000043       0x44 ./Drivers/STM32F4xx_HAL_Driver/Src/stm32f4xx_hal_rcc.o
 .comment       0x00000043       0x44 ./Drivers/STM32F4xx_HAL_Driver/Src/stm32f4xx_hal_rcc_ex.o

.debug_frame    0x00000000     0x1a88
 .debug_frame   0x00000000      0x314 ./Core/Src/CAN_processing.o
 .debug_frame   0x00000314       0x38 ./Core/Src/TestList.o
 .debug_frame   0x0000034c      0x11c ./Core/Src/main.o
 .debug_frame   0x00000468       0x80 ./Core/Src/stm32f4xx_hal_msp.o
 .debug_frame   0x000004e8      0x158 ./Core/Src/stm32f4xx_it.o
 .debug_frame   0x00000640       0x58 ./Core/Src/system_stm32f4xx.o
 .debug_frame   0x00000698      0x374 ./Drivers/STM32F4xx_HAL_Driver/Src/stm32f4xx_hal.o
 .debug_frame   0x00000a0c      0x5a0 ./Drivers/STM32F4xx_HAL_Driver/Src/stm32f4xx_hal_can.o
 .debug_frame   0x00000fac      0x508 ./Drivers/STM32F4xx_HAL_Driver/Src/stm32f4xx_hal_cortex.o
 .debug_frame   0x000014b4      0x14c ./Drivers/STM32F4xx_HAL_Driver/Src/stm32f4xx_hal_gpio.o
 .debug_frame   0x00001600      0x1f4 ./Drivers/STM32F4xx_HAL_Driver/Src/stm32f4xx_hal_rcc.o
 .debug_frame   0x000017f4      0x1e8 ./Drivers/STM32F4xx_HAL_Driver/Src/stm32f4xx_hal_rcc_ex.o
 .debug_frame   0x000019dc       0x20 C:/ST/STM32CubeIDE_1.18.0/STM32CubeIDE/plugins/com.st.stm32cube.ide.mcu.externaltools.gnu-tools-for-stm32.13.3.rel1.win32_1.0.0.202411081344/tools/bin/../lib/gcc/arm-none-eabi/13.3.1/../../../../arm-none-eabi/lib/thumb/v7e-m+fp/hard\libc_nano.a(libc_a-memset.o)
 .debug_frame   0x000019fc       0x2c C:/ST/STM32CubeIDE_1.18.0/STM32CubeIDE/plugins/com.st.stm32cube.ide.mcu.externaltools.gnu-tools-for-stm32.13.3.rel1.win32_1.0.0.202411081344/tools/bin/../lib/gcc/arm-none-eabi/13.3.1/../../../../arm-none-eabi/lib/thumb/v7e-m+fp/hard\libc_nano.a(libc_a-init.o)
 .debug_frame   0x00001a28       0x2c C:/ST/STM32CubeIDE_1.18.0/STM32CubeIDE/plugins/com.st.stm32cube.ide.mcu.externaltools.gnu-tools-for-stm32.13.3.rel1.win32_1.0.0.202411081344/tools/bin/../lib/gcc/arm-none-eabi/13.3.1/thumb/v7e-m+fp/hard\libgcc.a(_aeabi_uldivmod.o)
 .debug_frame   0x00001a54       0x34 C:/ST/STM32CubeIDE_1.18.0/STM32CubeIDE/plugins/com.st.stm32cube.ide.mcu.externaltools.gnu-tools-for-stm32.13.3.rel1.win32_1.0.0.202411081344/tools/bin/../lib/gcc/arm-none-eabi/13.3.1/thumb/v7e-m+fp/hard\libgcc.a(_udivmoddi4.o)

.debug_line_str
                0x00000000       0x53
 .debug_line_str
                0x00000000       0x53 ./Core/Startup/startup_stm32f446retx.o
