../Core/Src/main.c:90:5:main	2
../Core/Src/main.c:209:6:SystemClock_Config	3
../Core/Src/main.c:250:13:MX_CAN2_Init	2
../Core/Src/main.c:290:13:MX_TIM1_Init	4
../Core/Src/main.c:336:13:MX_TIM2_Init	3
../Core/Src/main.c:385:13:MX_TIM5_Init	4
../Core/Src/main.c:430:13:MX_TIM8_Init	4
../Core/Src/main.c:476:13:MX_USART2_UART_Init	2
../Core/Src/main.c:509:13:MX_GPIO_Init	1
../Core/Src/main.c:542:6:HAL_CAN_RxFifo0MsgPendingCallback	2
../Core/Src/main.c:550:6:HAL_CAN_RxFifo1MsgPendingCallback	1
../Core/Src/main.c:559:1:__io_putchar	1
../Core/Src/main.c:568:6:HAL_GPIO_EXTI_Callback	1
../Core/Src/main.c:604:6:Error_Handler	1
