../Core/Src/main.c:90:5:main	2
../Core/Src/main.c:210:6:SystemClock_Config	3
../Core/Src/main.c:251:13:MX_CAN2_Init	2
../Core/Src/main.c:291:13:MX_TIM1_Init	4
../Core/Src/main.c:337:13:MX_TIM2_Init	3
../Core/Src/main.c:386:13:MX_TIM5_Init	4
../Core/Src/main.c:431:13:MX_TIM8_Init	4
../Core/Src/main.c:477:13:MX_USART2_UART_Init	2
../Core/Src/main.c:510:13:MX_GPIO_Init	1
../Core/Src/main.c:543:6:HAL_CAN_RxFifo0MsgPendingCallback	2
../Core/Src/main.c:551:6:HAL_CAN_RxFifo1MsgPendingCallback	1
../Core/Src/main.c:560:1:__io_putchar	1
../Core/Src/main.c:569:6:HAL_GPIO_EXTI_Callback	1
../Core/Src/main.c:605:6:Error_Handler	1
